// Jest Snapshot v1, https://goo.gl/fbAQLP

exports[`Input Component Should match with the previous snapshot 1`] = `
<input
  className="sc-bdvvtL eHwOmO"
  onChange={[Function]}
  placeholder="test"
  type="text"
  value="test"
/>
`;
