// Jest Snapshot v1, https://goo.gl/fbAQLP

exports[`TradeDashboard Component Should match with the previous snapshot 1`] = `
<div
  className="sc-hBUSln"
>
  <div
    className="sc-hKwDye gKCaJq"
  >
    <h2
      className="sc-eCImPb hccQUq"
    >
      
    </h2>
    <div
      className="sc-fotOHu fTXeeM"
    >
      <span
        className="sc-bkkeKt jLlSVk"
      />
      <button
        className="sc-bdvvtL lacnvy"
        disabled={false}
        onClick={[Function]}
        style={
          Object {
            "fontWeight": "bold",
            "minWidth": "6rem",
          }
        }
      >
        <div
          className="sc-dkPtRN eXJbIO"
        >
          <Cash.svg />
        </div>
        <span
          className="sc-gsDKAQ iMZhkO"
        >
          GBP
        </span>
        <div
          className="sc-dkPtRN eXJbIO"
        >
          <SortDown.svg />
        </div>
      </button>
      <div
        className="sc-ieecCq gxSTfP"
      >
        <input
          className="sc-jRQBWg blPRkG"
          onChange={[Function]}
          placeholder="0"
          style={
            Object {
              "fontSize": "2rem",
              "marginLeft": "0.5rem",
            }
          }
          type="number"
          value=""
        />
      </div>
    </div>
    <div
      className="sc-fFeiMQ ljRAFN"
    >
      <span
        className="sc-bkkeKt jLlSVk"
      />
      <button
        className="sc-bdvvtL lacnvy"
        disabled={false}
        onClick={[Function]}
        style={
          Object {
            "fontWeight": "bold",
            "marginRight": "1rem",
            "minWidth": "6rem",
          }
        }
      >
        <div
          className="sc-dkPtRN eXJbIO"
        >
          <Cash.svg />
        </div>
        <span
          className="sc-gsDKAQ iMZhkO"
        >
          USD
        </span>
        <div
          className="sc-dkPtRN eXJbIO"
        >
          <SortDown.svg />
        </div>
      </button>
      <div
        className="sc-fotOHu fTXeeM"
      >
        <button
          className="sc-bdvvtL hcopzL"
          disabled={true}
          onClick={[Function]}
          style={
            Object {
              "marginLeft": "0rem",
            }
          }
        >
          <div
            className="sc-dkPtRN eXJbIO"
          >
            <Exchange.svg />
          </div>
          <span
            className="sc-gsDKAQ iMZhkO"
          >
            
          </span>
          <div
            className="sc-dkPtRN eXJbIO"
          >
            
          </div>
        </button>
        <button
          className="sc-bdvvtL lacnvy"
          disabled={false}
          onClick={[Function]}
          style={Object {}}
        >
          <div
            className="sc-dkPtRN eXJbIO"
          >
            <Invert.svg />
          </div>
          <span
            className="sc-gsDKAQ iMZhkO"
          >
            
          </span>
          <div
            className="sc-dkPtRN eXJbIO"
          >
            
          </div>
        </button>
        <button
          className="sc-bdvvtL hcopzL"
          disabled={true}
          onClick={[Function]}
          style={Object {}}
        >
          <div
            className="sc-dkPtRN eXJbIO"
          >
            <Broom.svg />
          </div>
          <span
            className="sc-gsDKAQ iMZhkO"
          >
            
          </span>
          <div
            className="sc-dkPtRN eXJbIO"
          >
            
          </div>
        </button>
      </div>
    </div>
    <hr
      className="sc-hGPBjI HXFGN"
    />
    <h2
      className="sc-eCImPb hccQUq"
    >
      
    </h2>
    <div
      className="sc-dJjYzT dcanK scroll"
    />
  </div>
  <div
    className="sc-kDTinF jalNNA"
  >
    <div
      className="sc-iqseJM ggtoLw scroll"
    >
      <span
        className="sc-crHmcD fHTobM"
      >
        <Search.svg
          style={
            Object {
              "marginRight": "0.5rem",
            }
          }
        />
        <input
          className="sc-jRQBWg blPRkG"
          onChange={[Function]}
          placeholder="Search..."
          style={
            Object {
              "color": "#fff",
              "fontSize": "2rem",
            }
          }
          value=""
        />
        <span
          className="sc-ksdxgE kmdhTW"
          onClick={[Function]}
        >
          Ã—
        </span>
      </span>
      <div
        className="sc-egiyK hCALoI"
      />
    </div>
  </div>
</div>
`;
